20:53:49 === watching SpeedTestStructure_0.2mm_ABS_Generic Klipper Printer_30m55s.gcode on T1 (extruder1, encoder filament_motion_sensor encoder_sensor1)
20:53:49 new peak flow 12.7 mm3/s at Z5.29 (T 249.9/250, power 0.43)
20:53:49 Z5.29  flow  12.7 mm3/s  T 249.9/250  power 0.43  encoder True  18%
20:54:04 Z5.61  flow  12.9 mm3/s  T 249.9/250  power 0.41  encoder True  19%
20:54:19 Z5.93  flow  13.1 mm3/s  T 250.1/250  power 0.38  encoder True  19%
20:54:25 new peak flow 13.2 mm3/s at Z6.06 (T 249.7/250, power 0.46)
20:54:34 Z6.25  flow  13.2 mm3/s  T 249.8/250  power 0.42  encoder True  20%
20:54:49 Z6.57  flow  13.4 mm3/s  T 250.0/250  power 0.38  encoder True  21%
20:55:04 Z6.89  flow  13.4 mm3/s  T 250.0/250  power 0.42  encoder True  21%
20:55:19 Z7.26  flow  13.6 mm3/s  T 250.1/250  power 0.38  encoder True  22%
20:55:24 new peak flow 13.8 mm3/s at Z7.34 (T 250.0/250, power 0.46)
20:55:35 Z7.58  flow  13.8 mm3/s  T 249.8/250  power 0.44  encoder True  23%
20:55:50 Z7.90  flow  13.9 mm3/s  T 250.0/250  power 0.41  encoder True  24%
20:56:05 Z8.25  flow  14.1 mm3/s  T 250.0/250  power 0.42  encoder True  24%
20:56:07 new peak flow 14.3 mm3/s at Z8.30 (T 250.2/250, power 0.37)
20:56:20 Z8.62  flow  14.3 mm3/s  T 250.0/250  power 0.43  encoder True  25%
20:56:35 Z8.94  flow  14.6 mm3/s  T 249.9/250  power 0.41  encoder True  26%
20:56:48 new peak flow 14.8 mm3/s at Z9.26 (T 250.2/250, power 0.38)
20:56:50 Z9.31  flow  14.8 mm3/s  T 250.2/250  power 0.43  encoder True  27%
20:57:05 Z9.68  flow  15.0 mm3/s  T 250.0/250  power 0.45  encoder True  27%
20:57:20 Z10.04  flow  15.2 mm3/s  T 249.9/250  power 0.39  encoder True  28%
20:57:28 new peak flow 15.3 mm3/s at Z10.22 (T 249.8/250, power 0.43)
20:57:35 Z10.41  flow  15.3 mm3/s  T 249.9/250  power 0.46  encoder True  29%
20:57:50 Z10.78  flow  15.3 mm3/s  T 250.0/250  power 0.41  encoder True  30%
20:58:05 Z11.13  flow  15.5 mm3/s  T 250.1/250  power 0.43  encoder True  31%
20:58:19 new peak flow 15.8 mm3/s at Z11.50 (T 250.2/250, power 0.40)
20:58:20 Z11.55  flow  15.8 mm3/s  T 250.2/250  power 0.43  encoder True  31%
20:58:35 Z11.92  flow  16.0 mm3/s  T 250.0/250  power 0.41  encoder True  32%
20:58:50 Z12.33  flow  16.2 mm3/s  T 250.0/250  power 0.45  encoder True  33%
20:58:56 new peak flow 16.4 mm3/s at Z12.46 (T 250.0/250, power 0.47)
20:59:05 Z12.70  flow  16.4 mm3/s  T 249.9/250  power 0.48  encoder True  34%
20:59:20 Z13.10  flow  16.7 mm3/s  T 250.0/250  power 0.51  encoder True  35%
20:59:32 new peak flow 16.9 mm3/s at Z13.42 (T 250.0/250, power 0.45)
20:59:35 Z13.52  flow  16.9 mm3/s  T 250.0/250  power 0.46  encoder True  36%
20:59:50 Z13.93  flow  17.1 mm3/s  T 250.0/250  power 0.48  encoder True  37%
21:00:05 Z14.33  flow  17.2 mm3/s  T 250.2/250  power 0.43  encoder True  37%
21:00:18 new peak flow 17.4 mm3/s at Z14.70 (T 250.0/250, power 0.47)
21:00:20 Z14.75  flow  17.4 mm3/s  T 249.7/250  power 0.48  encoder True  38%
21:00:35 Z15.21  flow  17.6 mm3/s  T 250.0/250  power 0.46  encoder True  39%
21:00:50 Z15.61  flow  17.8 mm3/s  T 250.3/250  power 0.41  encoder True  40%
21:00:52 new peak flow 17.9 mm3/s at Z15.66 (T 250.2/250, power 0.43)
21:01:06 Z16.08  flow  18.1 mm3/s  T 249.9/250  power 0.48  encoder True  41%
21:01:21 Z16.49  flow  18.3 mm3/s  T 250.0/250  power 0.46  encoder True  42%
21:01:25 new peak flow 18.5 mm3/s at Z16.62 (T 250.0/250, power 0.43)
21:01:36 Z16.94  flow  18.6 mm3/s  T 250.0/250  power 0.42  encoder True  43%
21:01:51 Z17.41  flow  18.8 mm3/s  T 250.1/250  power 0.43  encoder True  44%
21:01:57 new peak flow 19.0 mm3/s at Z17.58 (T 249.9/250, power 0.44)
21:02:06 Z17.85  flow  19.0 mm3/s  T 249.9/250  power 0.41  encoder True  45%
21:02:21 Z18.32  flow  19.3 mm3/s  T 249.9/250  power 0.50  encoder True  46%
21:02:36 Z18.78  flow  19.3 mm3/s  T 249.9/250  power 0.45  encoder True  47%
21:02:38 new peak flow 19.5 mm3/s at Z18.86 (T 249.9/250, power 0.43)
21:02:51 Z19.28  flow  19.7 mm3/s  T 250.2/250  power 0.41  encoder True  48%
21:03:06 Z19.74  flow  19.8 mm3/s  T 250.0/250  power 0.46  encoder True  49%
21:03:09 new peak flow 20.0 mm3/s at Z19.87 (T 250.2/250, power 0.44)
21:03:21 Z20.24  flow  20.2 mm3/s  T 249.9/250  power 0.45  encoder True  50%
21:03:36 Z20.73  flow  20.4 mm3/s  T 250.2/250  power 0.44  encoder True  51%
21:03:38 new peak flow 20.5 mm3/s at Z20.82 (T 250.1/250, power 0.44)
21:03:51 Z21.25  flow  20.7 mm3/s  T 250.0/250  power 0.48  encoder True  53%
21:04:06 Z21.74  flow  20.9 mm3/s  T 250.0/250  power 0.48  encoder True  54%
21:04:07 new peak flow 21.1 mm3/s at Z21.74 (T 249.9/250, power 0.48)
21:04:21 Z22.25  flow  21.2 mm3/s  T 250.0/250  power 0.44  encoder True  55%
21:04:36 Z22.75  flow  21.4 mm3/s  T 249.9/250  power 0.46  encoder True  56%
21:04:44 new peak flow 21.6 mm3/s at Z23.02 (T 250.0/250, power 0.43)
21:04:51 Z23.27  flow  19.1 mm3/s  T 249.8/250  power 0.46  encoder True  57%
21:05:06 Z23.81  flow  21.9 mm3/s  T 250.2/250  power 0.46  encoder True  58%
21:05:12 new peak flow 22.1 mm3/s at Z24.02 (T 250.0/250, power 0.42)
21:05:21 Z24.30  flow  22.3 mm3/s  T 250.0/250  power 0.47  encoder True  59%
21:05:36 Z24.86  flow  22.5 mm3/s  T 249.9/250  power 0.47  encoder True  60%
21:05:39 new peak flow 22.6 mm3/s at Z24.98 (T 249.9/250, power 0.47)
21:05:51 Z25.41  flow  22.8 mm3/s  T 249.9/250  power 0.46  encoder True  62%
21:06:06 new peak flow 23.2 mm3/s at Z25.90 (T 250.2/250, power 0.43)
21:06:06 Z25.95  flow  23.2 mm3/s  T 250.2/250  power 0.43  encoder True  63%
21:06:21 Z26.49  flow  23.2 mm3/s  T 250.1/250  power 0.40  encoder True  64%
21:06:36 Z27.05  flow  23.5 mm3/s  T 249.9/250  power 0.51  encoder True  65%
21:06:40 new peak flow 23.7 mm3/s at Z27.18 (T 250.1/250, power 0.44)
21:06:51 Z27.60  flow  19.8 mm3/s  T 250.1/250  power 0.43  encoder True  66%
21:07:06 new peak flow 24.2 mm3/s at Z28.19 (T 250.1/250, power 0.43)
21:07:06 Z28.19  flow  24.2 mm3/s  T 250.1/250  power 0.43  encoder True  68%
21:07:22 Z28.78  flow  24.4 mm3/s  T 250.2/250  power 0.40  encoder True  69%
21:07:31 new peak flow 24.7 mm3/s at Z29.15 (T 250.1/250, power 0.46)
21:07:37 Z29.34  flow  24.7 mm3/s  T 249.9/250  power 0.46  encoder True  70%
21:07:52 Z29.93  flow  25.1 mm3/s  T 249.8/250  power 0.56  encoder True  72%
21:07:56 new peak flow 25.3 mm3/s at Z30.11 (T 250.0/250, power 0.47)
21:08:07 Z30.53  flow  25.3 mm3/s  T 250.2/250  power 0.40  encoder True  73%
21:08:22 Z31.12  flow  25.6 mm3/s  T 250.0/250  power 0.44  encoder True  74%
21:08:28 new peak flow 25.8 mm3/s at Z31.39 (T 249.9/250, power 0.45)
21:08:37 Z31.71  flow  25.9 mm3/s  T 250.0/250  power 0.47  encoder True  75%
21:08:52 Z32.30  flow  20.9 mm3/s  T 249.9/250  power 0.44  encoder True  77%
21:08:53 new peak flow 26.3 mm3/s at Z32.35 (T 250.0/250, power 0.44)
21:09:07 Z32.94  flow  26.5 mm3/s  T 250.1/250  power 0.45  encoder True  78%
21:09:16 new peak flow 26.8 mm3/s at Z33.31 (T 249.9/250, power 0.44)
21:09:22 Z33.53  flow  26.8 mm3/s  T 250.0/250  power 0.43  encoder True  79%
21:09:37 Z34.17  flow  27.2 mm3/s  T 249.9/250  power 0.50  encoder True  81%
21:09:47 new peak flow 27.3 mm3/s at Z34.59 (T 250.0/250, power 0.46)
21:09:52 Z49.73  flow   2.4 mm3/s  T 249.9/250  power 0.48  encoder True  82%
21:10:07 Z49.73  flow   2.4 mm3/s  T 250.3/250  power 0.33  encoder True  82%
21:10:22 Z49.73  flow   2.4 mm3/s  T 249.8/250  power 0.40  encoder True  82%
21:10:37 Z49.73  flow   2.4 mm3/s  T 250.0/250  power 0.35  encoder True  82%
21:10:52 Z49.73  flow   2.4 mm3/s  T 250.0/250  power 0.30  encoder True  82%
21:11:07 Z49.73  flow   2.4 mm3/s  T 250.0/250  power 0.35  encoder True  82%
21:11:22 Z49.73  flow   2.4 mm3/s  T 250.0/250  power 0.36  encoder True  82%
21:11:37 Z49.73  flow   2.4 mm3/s  T 250.0/250  power 0.33  encoder True  82%
21:11:52 Z49.73  flow   2.4 mm3/s  T 250.1/250  power 0.33  encoder True  82%
21:12:07 Z49.73  flow   2.4 mm3/s  T 250.0/250  power 0.35  encoder True  82%
21:12:22 Z49.73  flow   2.4 mm3/s  T 250.0/250  power 0.30  encoder True  82%
21:12:37 Z49.73  flow   2.4 mm3/s  T 249.9/250  power 0.34  encoder True  82%
21:12:53 Z49.73  flow   2.4 mm3/s  T 249.9/250  power 0.37  encoder True  82%
21:13:08 Z49.73  flow   2.4 mm3/s  T 249.9/250  power 0.36  encoder True  82%
21:13:23 Z49.73  flow   2.4 mm3/s  T 249.9/250  power 0.36  encoder True  82%
21:13:38 Z49.73  flow   2.4 mm3/s  T 249.8/250  power 0.36  encoder True  82%
21:13:53 Z49.73  flow   2.4 mm3/s  T 250.1/250  power 0.34  encoder True  82%
21:14:08 Z49.73  flow   2.4 mm3/s  T 250.1/250  power 0.36  encoder True  82%
21:14:23 Z49.73  flow   2.4 mm3/s  T 250.2/250  power 0.33  encoder True  82%
21:14:38 Z49.73  flow   2.4 mm3/s  T 250.0/250  power 0.31  encoder True  82%
21:14:53 Z49.73  flow   2.4 mm3/s  T 249.8/250  power 0.34  encoder True  82%
21:15:08 Z49.73  flow   2.4 mm3/s  T 249.8/250  power 0.35  encoder True  82%
21:15:23 Z49.73  flow   2.4 mm3/s  T 249.9/250  power 0.35  encoder True  82%
21:15:38 Z49.73  flow   2.4 mm3/s  T 250.1/250  power 0.30  encoder True  82%
21:15:53 Z49.73  flow   2.4 mm3/s  T 250.0/250  power 0.32  encoder True  82%
21:16:08 Z49.73  flow   2.4 mm3/s  T 250.0/250  power 0.32  encoder True  82%
21:16:23 Z49.73  flow   2.4 mm3/s  T 250.0/250  power 0.35  encoder True  82%
21:16:38 Z49.73  flow   2.4 mm3/s  T 249.9/250  power 0.36  encoder True  82%
21:16:53 Z49.73  flow   2.4 mm3/s  T 250.2/250  power 0.31  encoder True  82%
21:17:08 Z49.73  flow   2.4 mm3/s  T 250.0/250  power 0.34  encoder True  82%
21:17:23 Z49.73  flow   2.4 mm3/s  T 249.9/250  power 0.31  encoder True  82%
21:17:38 Z49.73  flow   2.4 mm3/s  T 250.0/250  power 0.34  encoder True  82%
21:17:53 Z49.73  flow   2.4 mm3/s  T 249.9/250  power 0.36  encoder True  82%
21:18:08 Z49.73  flow   2.4 mm3/s  T 250.2/250  power 0.32  encoder True  82%
21:18:23 Z49.73  flow   2.4 mm3/s  T 249.9/250  power 0.34  encoder True  82%
21:18:38 Z49.73  flow   2.4 mm3/s  T 250.2/250  power 0.31  encoder True  82%
21:18:53 Z49.73  flow   2.4 mm3/s  T 250.1/250  power 0.31  encoder True  82%
21:19:08 Z49.73  flow   2.4 mm3/s  T 249.9/250  power 0.36  encoder True  82%
21:19:23 Z49.73  flow   2.4 mm3/s  T 250.0/250  power 0.30  encoder True  82%
21:19:38 Z49.73  flow   2.4 mm3/s  T 249.9/250  power 0.35  encoder True  82%
21:19:54 Z49.73  flow   2.4 mm3/s  T 250.1/250  power 0.33  encoder True  82%
21:20:09 Z49.73  flow   2.4 mm3/s  T 250.0/250  power 0.37  encoder True  82%
21:20:24 Z49.73  flow   2.4 mm3/s  T 250.0/250  power 0.36  encoder True  82%
21:20:39 Z49.73  flow   2.4 mm3/s  T 250.1/250  power 0.33  encoder True  82%
21:20:54 Z49.73  flow   2.4 mm3/s  T 250.0/250  power 0.32  encoder True  82%
21:21:09 Z49.73  flow   2.4 mm3/s  T 249.9/250  power 0.35  encoder True  82%
21:21:24 Z49.73  flow   2.4 mm3/s  T 250.2/250  power 0.32  encoder True  82%
21:21:39 Z49.73  flow   2.4 mm3/s  T 250.1/250  power 0.29  encoder True  82%
21:21:54 Z49.73  flow   2.4 mm3/s  T 250.0/250  power 0.36  encoder True  82%
21:22:09 Z49.73  flow   2.4 mm3/s  T 249.9/250  power 0.38  encoder True  82%
21:22:24 Z49.73  flow   2.4 mm3/s  T 250.0/250  power 0.34  encoder True  82%
21:22:39 Z49.73  flow   2.4 mm3/s  T 250.1/250  power 0.30  encoder True  82%
21:22:54 Z49.73  flow   2.4 mm3/s  T 249.8/250  power 0.33  encoder True  82%
21:23:09 Z49.73  flow   2.4 mm3/s  T 250.0/250  power 0.36  encoder True  82%
21:23:24 Z49.73  flow   2.4 mm3/s  T 250.0/250  power 0.34  encoder True  82%
21:23:39 Z49.73  flow   2.4 mm3/s  T 250.0/250  power 0.34  encoder True  82%
21:23:54 Z49.73  flow   2.4 mm3/s  T 249.8/250  power 0.37  encoder True  82%
21:24:09 Z49.73  flow   2.4 mm3/s  T 249.9/250  power 0.37  encoder True  82%
21:24:24 Z49.73  flow   2.4 mm3/s  T 249.9/250  power 0.37  encoder True  82%
21:24:39 Z49.73  flow   2.4 mm3/s  T 250.0/250  power 0.33  encoder True  82%
21:24:54 Z49.73  flow   2.4 mm3/s  T 250.0/250  power 0.30  encoder True  82%
21:25:09 Z49.73  flow   2.4 mm3/s  T 250.2/250  power 0.29  encoder True  82%
21:25:24 Z49.73  flow   2.4 mm3/s  T 250.0/250  power 0.32  encoder True  82%
21:25:39 Z49.73  flow   2.4 mm3/s  T 250.2/250  power 0.34  encoder True  82%
21:25:54 Z49.73  flow   2.4 mm3/s  T 249.9/250  power 0.32  encoder True  82%
21:26:09 Z49.73  flow   2.4 mm3/s  T 250.0/250  power 0.35  encoder True  82%
21:26:25 Z49.73  flow   2.4 mm3/s  T 250.0/250  power 0.35  encoder True  82%
21:26:40 Z49.73  flow   2.4 mm3/s  T 250.0/250  power 0.36  encoder True  82%
21:26:55 Z49.73  flow   2.4 mm3/s  T 249.9/250  power 0.40  encoder True  82%
21:27:10 Z49.73  flow   2.4 mm3/s  T 250.0/250  power 0.35  encoder True  82%
21:27:21 query error timed out
21:27:25 Z49.73  flow   2.4 mm3/s  T 250.1/250  power 0.30  encoder True  82%
21:27:40 Z49.73  flow   2.4 mm3/s  T 250.1/250  power 0.30  encoder True  82%
21:27:47 === print state cancelled -> watcher done. peak flow 27.3 mm3/s
